// Jest Snapshot v1, https://goo.gl/fbAQLP

exports[`JSONPretty.jsx 1`] = `
<pre
  className="json-pretty"
  dangerouslySetInnerHTML={
    Object {
      "__html": "{
      \\"<span class=json-key>aaaa</span>\\": <span class=json-value>1</span>,
      \\"<span class=json-key>bbbb</span>\\": <span class=json-boolean>true</span>,
      \\"<span class=json-key>cccc</span>\\": <span class=json-string>\\"ab&quot;cd\\\\\\\\\\"</span>,
      \\"<span class=json-key>dddd</span>\\": {
        \\"<span class=json-key>eeee</span>\\": <span class=json-value>1</span>,
        \\"<span class=json-key>ffff</span>\\": [
          {
            \\"<span class=json-key>gggg</span>\\": <span class=json-value>3</span>
          },
          <span class=json-value>2</span>,
          <span class=json-string>\\"string\\"</span>
        ]
      }
    }",
    }
  }
/>
`;
